// Bun Snapshot v1, https://bun.sh/docs/test/snapshots

exports[`REPL renders header banner, standby status, and prompt 1`] = `
"

                                   ____   ____    _     ___ _   _
                                  |  _ \\ |  _ \\  / \\   |_ _| \\ | |
                                  | |_) || |_) |/ _ \\   | ||  \\| |
                                  |  _ < |  _ <___  \\   | || |\\  |
                                  |_| \\_\\_| \\_\\_/ \\_\\ |___|_| \\_|
                                   Memory Companion CLI · v0.1.0

 ────────────────────────────────── Relational Memory Dashboard  ──────────────────────────────────

 ┌────────────────────────────────────────────────────────────────────────────────────────────────┐
 │                                                                                                │
 │ Memory Stream Terminal is ready. Send commands format: "query <text>" or "ingest <text>"       │
 │                                                                                                │
 │                                                                                                │
 │                                                                                                │
 │                                                                                                │
 │                                                                                                │
 │                                                                                                │
 │                                                                                                │
 │                                                                                                │
 └────────────────────────────────────────────────────────────────────────────────────────────────┘

 ╭────────────────────────────────────────────────────────────────────────────────────────────────╮
 │                                                                                                │
 │ ○ System Monitor                                                                               │
 │                                                                                                │
 │                                                                                                │
 │  Error: Daemon stats server unreachable.                                                       │
 │                                                                                                │
 │                                                                                                │
 ╰────────────────────────────────────────────────────────────────────────────────────────────────╯

 ╭─────────────────────────────────────────────────────────────────────────────────────────────╮
 │                                                                                             │
 │ ○ File Browser (.brain/)                                                                    │
 │                                                                                             │
 │                                                                                             │
 │  Empty directory.                                                                           │
 │                                                                                             │
 │                                                                                             │
 │ +-----------------------------------------------------------------------------------------+ │
 │ |                                                                                         | │
 │ |↑/↓: Navigate entriesEnter: Enter directory / read fileEsc/←: Go up directoryDir: .brain/| │
 │ +-----------------------------------------------------------------------------------------+ │
 │                                                                                             │
 ╰─────────────────────────────────────────────────────────────────────────────────────────────╯

 ╭────────────────────────────────────────────────────────────────────────────────────────────────╮
 │                                                                                                │
 │ ○ Plugin Configuration Wizard                                                                  │
 │                                                                                                │
 │ 1. Select LLM Provider                                                                         │
 │  ▶ noop                                                                                        │
 │    openai                                                                                      │
 │    ollama                                                                                      │
 │    anthropic                                                                                   │
 │                                                                                                │
 │ +--------------------------------------------------------------------------------------------+ │
 │ |                                                                                            | │
 │ |↑/↓: Navigate choicesEnter: Next step / Submit                Step 1 of 3 | Selection:      | │
 │ |Esc/←: Previous step                                          "noop"                        | │
 │ +--------------------------------------------------------------------------------------------+ │
 │                                                                                                │
 ╰────────────────────────────────────────────────────────────────────────────────────────────────╯

  Daemon Status:✗ UnreachablePress [Tab] to cycle focus | Press [Ctrl+P] to toggle Command
                             Launcher

 ┌────────────────────────────────────────────────────────────────────────────────────────────────┐
 │ Memory Engine> Type a memory command (e.g. query, ingest) or exit...█                          │
 └────────────────────────────────────────────────────────────────────────────────────────────────┘

  [Auto]  Gemini 3.5 Flash         In: 1420 · Out: 495  $0.0031        Rate: ░░░░░  'exit' to quit
"
`;
