// Bun Snapshot v1, https://bun.sh/docs/test/snapshots

exports[`REPL renders header banner, standby status, and prompt 1`] = `
"╭──────────────────────────────────────────────────────────────────────────────────────────────────────────────────────╮
│                                                                                                   │
│                                                                                                   │
│  ____   ____      _      ___ _   _                                                                │
│ | __ ) |  _ \\    / \\    |_ _| \\ | |                                                               │
│ |  _ \\ | |_) |  / _ \\    | ||  \\| |                                              Standalone Relational Memory Engine│
│ | |_) | |  _ < / ___ \\   | || |\\  |                                                               │
│ |____/  |_| \\_\\_/   \\_\\ |___|_| \\_|                                                               │
│    Memory Companion CLI · v0.1.0                                                                  │
│                                                                                                   │
│                                                                                                   │
│ ─────────────────────────────────────────────────── TUI Console  ───────────────────────────────────────────────────│
│ ┌───────────────────────────────────────────────────────────────────┐ ┌────────────────────────────────────────────┐│
│ │                                                                   │ │                           ││
│ │ [1] Conversation View (Focused)                                   │ │ [2] Sessions              ││
│ │                                                                   │ │           No sessions available.││
│ │                                                                   │ │                           ││
│ │                                                                   │ └────────────────────────────────────────────┘│
│ │                                                                   │                             │
│ │                                                                   │ ┌────────────────────────────────────────────┐│
│ │                                                                   │ │                           ││
│ │                                                                   │ │ [3] Execution Timeline    ││
│ │                                                                   │ │                           ││
│ │                                                                   │ │                           ││
│ │                                                                   │ │                           ││
│ │                                                                   │ │                           ││
│ │                                                                   │ │                           ││
│ │                                                                   │ │                           ││
│ │                                                                   │ │                           ││
│ │                                                                   │ │                           ││
│ │                                                                   │ │                           ││
│ │                                                                   │ │                           ││
│ │                                                                   │ │       Waiting for execution start...││
│ │            No messages. Type a prompt below to begin.             │ │                           ││
│ │                                                                   │ │                           ││
│ │                                                                   │ │                           ││
│ │                                                                   │ │                           ││
│ │                                                                   │ │                           ││
│ │                                                                   │ │                           ││
│ │                                                                   │ │                           ││
│ │                                                                   │ │                           ││
│ │                                                                   │ │                           ││
│ │                                                                   │ │                           ││
│ │                                                                   │ │                           ││
│ │                                                                   │ └────────────────────────────────────────────┘│
│ │                                                                   │                             │
│ │                                                                   │ ┌────────────────────────────────────────────┐│
│ │                                                                   │ │                           ││
│ │                                                                   │ │ [4] Active Tools          ││
│ │                                                                   │ │                           ││
│ │                                                                   │ │          No active tools invoked.││
│ │                                                                   │ │                           ││
│ │                                                                   │ │                           ││
│ └───────────────────────────────────────────────────────────────────┘ └────────────────────────────────────────────┘│
│                                                                                                   │
│ Memory Engine> Type a memory command (e.g. query, ingest) or exit...█                             │
│                                                                                                   │
│  [Auto]  Claude 3.5 Sonnet                    In: 0 · Out: 0  $0.0000                   Rate: █░░░░'exit' to quit│
│                                                                                                   │
╰──────────────────────────────────────────────────────────────────────────────────────────────────────────────────────╯"
`;
