--- Metadata ---
theme=dark
unicode=Full
colors=TrueColor
nerd_fonts=Full
width=30
height=5
--- Visual ---
 Ø                            
No Sessions                   
Create a session to begin.    
                              
                              
--- Styles ---
(Rgb(153, 153, 153),Reset) (Rgb(153, 153, 153),Reset) (Rgb(153, 153, 153),Reset) (Reset,Reset) (Reset,Reset) (Reset,Reset) (Reset,Reset) (Reset,Reset) (Reset,Reset) (Reset,Reset) (Reset,Reset) (Reset,Reset) (Reset,Reset) (Reset,Reset) (Reset,Reset) (Reset,Reset) (Reset,Reset) (Reset,Reset) (Reset,Reset) (Reset,Reset) (Reset,Reset) (Reset,Reset) (Reset,Reset) (Reset,Reset) (Reset,Reset) (Reset,Reset) (Reset,Reset) (Reset,Reset) (Reset,Reset) (Reset,Reset) 
(Rgb(215, 119, 87),Reset) (Rgb(215, 119, 87),Reset) (Rgb(215, 119, 87),Reset) (Rgb(215, 119, 87),Reset) (Rgb(215, 119, 87),Reset) (Rgb(215, 119, 87),Reset) (Rgb(215, 119, 87),Reset) (Rgb(215, 119, 87),Reset) (Rgb(215, 119, 87),Reset) (Rgb(215, 119, 87),Reset) (Rgb(215, 119, 87),Reset) (Reset,Reset) (Reset,Reset) (Reset,Reset) (Reset,Reset) (Reset,Reset) (Reset,Reset) (Reset,Reset) (Reset,Reset) (Reset,Reset) (Reset,Reset) (Reset,Reset) (Reset,Reset) (Reset,Reset) (Reset,Reset) (Reset,Reset) (Reset,Reset) (Reset,Reset) (Reset,Reset) (Reset,Reset) 
(Rgb(153, 153, 153),Reset) (Rgb(153, 153, 153),Reset) (Rgb(153, 153, 153),Reset) (Rgb(153, 153, 153),Reset) (Rgb(153, 153, 153),Reset) (Rgb(153, 153, 153),Reset) (Rgb(153, 153, 153),Reset) (Rgb(153, 153, 153),Reset) (Rgb(153, 153, 153),Reset) (Rgb(153, 153, 153),Reset) (Rgb(153, 153, 153),Reset) (Rgb(153, 153, 153),Reset) (Rgb(153, 153, 153),Reset) (Rgb(153, 153, 153),Reset) (Rgb(153, 153, 153),Reset) (Rgb(153, 153, 153),Reset) (Rgb(153, 153, 153),Reset) (Rgb(153, 153, 153),Reset) (Rgb(153, 153, 153),Reset) (Rgb(153, 153, 153),Reset) (Rgb(153, 153, 153),Reset) (Rgb(153, 153, 153),Reset) (Rgb(153, 153, 153),Reset) (Rgb(153, 153, 153),Reset) (Rgb(153, 153, 153),Reset) (Rgb(153, 153, 153),Reset) (Reset,Reset) (Reset,Reset) (Reset,Reset) (Reset,Reset) 
(Reset,Reset) (Reset,Reset) (Reset,Reset) (Reset,Reset) (Reset,Reset) (Reset,Reset) (Reset,Reset) (Reset,Reset) (Reset,Reset) (Reset,Reset) (Reset,Reset) (Reset,Reset) (Reset,Reset) (Reset,Reset) (Reset,Reset) (Reset,Reset) (Reset,Reset) (Reset,Reset) (Reset,Reset) (Reset,Reset) (Reset,Reset) (Reset,Reset) (Reset,Reset) (Reset,Reset) (Reset,Reset) (Reset,Reset) (Reset,Reset) (Reset,Reset) (Reset,Reset) (Reset,Reset) 
(Reset,Reset) (Reset,Reset) (Reset,Reset) (Reset,Reset) (Reset,Reset) (Reset,Reset) (Reset,Reset) (Reset,Reset) (Reset,Reset) (Reset,Reset) (Reset,Reset) (Reset,Reset) (Reset,Reset) (Reset,Reset) (Reset,Reset) (Reset,Reset) (Reset,Reset) (Reset,Reset) (Reset,Reset) (Reset,Reset) (Reset,Reset) (Reset,Reset) (Reset,Reset) (Reset,Reset) (Reset,Reset) (Reset,Reset) (Reset,Reset) (Reset,Reset) (Reset,Reset) (Reset,Reset) 
