--- Metadata ---
theme=dark
unicode=Full
colors=TrueColor
nerd_fonts=Full
width=20
height=2
--- Visual ---
➔ Item One          
  Item Two          
--- Styles ---
(Rgb(153, 153, 153),Reset) (Rgb(153, 153, 153),Reset) (Rgb(215, 119, 87),Reset) (Rgb(215, 119, 87),Reset) (Rgb(215, 119, 87),Reset) (Rgb(215, 119, 87),Reset) (Rgb(215, 119, 87),Reset) (Rgb(215, 119, 87),Reset) (Rgb(215, 119, 87),Reset) (Rgb(215, 119, 87),Reset) (Reset,Reset) (Reset,Reset) (Reset,Reset) (Reset,Reset) (Reset,Reset) (Reset,Reset) (Reset,Reset) (Reset,Reset) (Reset,Reset) (Reset,Reset) 
(Rgb(153, 153, 153),Reset) (Rgb(153, 153, 153),Reset) (Rgb(153, 153, 153),Reset) (Rgb(153, 153, 153),Reset) (Rgb(153, 153, 153),Reset) (Rgb(153, 153, 153),Reset) (Rgb(153, 153, 153),Reset) (Rgb(153, 153, 153),Reset) (Rgb(153, 153, 153),Reset) (Rgb(153, 153, 153),Reset) (Reset,Reset) (Reset,Reset) (Reset,Reset) (Reset,Reset) (Reset,Reset) (Reset,Reset) (Reset,Reset) (Reset,Reset) (Reset,Reset) (Reset,Reset) 
