--- Metadata ---
theme=dark
unicode=Full
colors=TrueColor
nerd_fonts=Full
width=20
height=5
--- Visual ---
╭Main Console──────╮
│                  │
│                  │
│                  │
╰──────────────────╯
--- Styles ---
(Rgb(215, 119, 87),Reset) (Rgb(215, 119, 87),Reset) (Rgb(215, 119, 87),Reset) (Rgb(215, 119, 87),Reset) (Rgb(215, 119, 87),Reset) (Rgb(215, 119, 87),Reset) (Rgb(215, 119, 87),Reset) (Rgb(215, 119, 87),Reset) (Rgb(215, 119, 87),Reset) (Rgb(215, 119, 87),Reset) (Rgb(215, 119, 87),Reset) (Rgb(215, 119, 87),Reset) (Rgb(215, 119, 87),Reset) (Rgb(215, 119, 87),Reset) (Rgb(215, 119, 87),Reset) (Rgb(215, 119, 87),Reset) (Rgb(215, 119, 87),Reset) (Rgb(215, 119, 87),Reset) (Rgb(215, 119, 87),Reset) (Rgb(215, 119, 87),Reset) 
(Rgb(215, 119, 87),Reset) (Reset,Reset) (Reset,Reset) (Reset,Reset) (Reset,Reset) (Reset,Reset) (Reset,Reset) (Reset,Reset) (Reset,Reset) (Reset,Reset) (Reset,Reset) (Reset,Reset) (Reset,Reset) (Reset,Reset) (Reset,Reset) (Reset,Reset) (Reset,Reset) (Reset,Reset) (Reset,Reset) (Rgb(215, 119, 87),Reset) 
(Rgb(215, 119, 87),Reset) (Reset,Reset) (Reset,Reset) (Reset,Reset) (Reset,Reset) (Reset,Reset) (Reset,Reset) (Reset,Reset) (Reset,Reset) (Reset,Reset) (Reset,Reset) (Reset,Reset) (Reset,Reset) (Reset,Reset) (Reset,Reset) (Reset,Reset) (Reset,Reset) (Reset,Reset) (Reset,Reset) (Rgb(215, 119, 87),Reset) 
(Rgb(215, 119, 87),Reset) (Reset,Reset) (Reset,Reset) (Reset,Reset) (Reset,Reset) (Reset,Reset) (Reset,Reset) (Reset,Reset) (Reset,Reset) (Reset,Reset) (Reset,Reset) (Reset,Reset) (Reset,Reset) (Reset,Reset) (Reset,Reset) (Reset,Reset) (Reset,Reset) (Reset,Reset) (Reset,Reset) (Rgb(215, 119, 87),Reset) 
(Rgb(215, 119, 87),Reset) (Rgb(215, 119, 87),Reset) (Rgb(215, 119, 87),Reset) (Rgb(215, 119, 87),Reset) (Rgb(215, 119, 87),Reset) (Rgb(215, 119, 87),Reset) (Rgb(215, 119, 87),Reset) (Rgb(215, 119, 87),Reset) (Rgb(215, 119, 87),Reset) (Rgb(215, 119, 87),Reset) (Rgb(215, 119, 87),Reset) (Rgb(215, 119, 87),Reset) (Rgb(215, 119, 87),Reset) (Rgb(215, 119, 87),Reset) (Rgb(215, 119, 87),Reset) (Rgb(215, 119, 87),Reset) (Rgb(215, 119, 87),Reset) (Rgb(215, 119, 87),Reset) (Rgb(215, 119, 87),Reset) (Rgb(215, 119, 87),Reset) 
