--- Metadata ---
theme=dark
unicode=Full
colors=TrueColor
nerd_fonts=Full
width=15
height=2
--- Visual ---
Line 2         
Line 3         
--- Styles ---
(Rgb(153, 153, 153),Reset) (Rgb(153, 153, 153),Reset) (Rgb(153, 153, 153),Reset) (Rgb(153, 153, 153),Reset) (Rgb(153, 153, 153),Reset) (Rgb(153, 153, 153),Reset) (Reset,Reset) (Reset,Reset) (Reset,Reset) (Reset,Reset) (Reset,Reset) (Reset,Reset) (Reset,Reset) (Reset,Reset) (Reset,Reset) 
(Rgb(153, 153, 153),Reset) (Rgb(153, 153, 153),Reset) (Rgb(153, 153, 153),Reset) (Rgb(153, 153, 153),Reset) (Rgb(153, 153, 153),Reset) (Rgb(153, 153, 153),Reset) (Reset,Reset) (Reset,Reset) (Reset,Reset) (Reset,Reset) (Reset,Reset) (Reset,Reset) (Reset,Reset) (Reset,Reset) (Reset,Reset) 
