--- Metadata ---
theme=dark
unicode=Full
colors=TrueColor
nerd_fonts=Full
width=30
height=2
--- Visual ---
A very long heading that must 
wrap under narrow width limits
--- Styles ---
(Cyan,Reset) (Cyan,Reset) (Cyan,Reset) (Cyan,Reset) (Cyan,Reset) (Cyan,Reset) (Cyan,Reset) (Cyan,Reset) (Cyan,Reset) (Cyan,Reset) (Cyan,Reset) (Cyan,Reset) (Cyan,Reset) (Cyan,Reset) (Cyan,Reset) (Cyan,Reset) (Cyan,Reset) (Cyan,Reset) (Cyan,Reset) (Cyan,Reset) (Cyan,Reset) (Cyan,Reset) (Cyan,Reset) (Cyan,Reset) (Cyan,Reset) (Cyan,Reset) (Cyan,Reset) (Cyan,Reset) (Cyan,Reset) (Cyan,Reset) 
(Cyan,Reset) (Cyan,Reset) (Cyan,Reset) (Cyan,Reset) (Cyan,Reset) (Cyan,Reset) (Cyan,Reset) (Cyan,Reset) (Cyan,Reset) (Cyan,Reset) (Cyan,Reset) (Cyan,Reset) (Cyan,Reset) (Cyan,Reset) (Cyan,Reset) (Cyan,Reset) (Cyan,Reset) (Cyan,Reset) (Cyan,Reset) (Cyan,Reset) (Cyan,Reset) (Cyan,Reset) (Cyan,Reset) (Cyan,Reset) (Cyan,Reset) (Cyan,Reset) (Cyan,Reset) (Cyan,Reset) (Cyan,Reset) (Cyan,Reset) 
