--- Metadata ---
theme=dark
unicode=Full
colors=TrueColor
nerd_fonts=Full
width=15
height=3
--- Visual ---
Responsive     
text resizing  
verification.  
--- Styles ---
(White,Reset) (White,Reset) (White,Reset) (White,Reset) (White,Reset) (White,Reset) (White,Reset) (White,Reset) (White,Reset) (White,Reset) (White,Reset) (Reset,Reset) (Reset,Reset) (Reset,Reset) (Reset,Reset) 
(White,Reset) (White,Reset) (White,Reset) (White,Reset) (White,Reset) (White,Reset) (White,Reset) (White,Reset) (White,Reset) (White,Reset) (White,Reset) (White,Reset) (White,Reset) (White,Reset) (Reset,Reset) 
(White,Reset) (White,Reset) (White,Reset) (White,Reset) (White,Reset) (White,Reset) (White,Reset) (White,Reset) (White,Reset) (White,Reset) (White,Reset) (White,Reset) (White,Reset) (Reset,Reset) (Reset,Reset) 
